

================================================================
== Vivado HLS Report for 'digital_compensator'
================================================================
* Date:           Mon Feb 08 22:52:53 2016

* Version:        2015.4 (Build 1412921 on Wed Nov 18 09:58:55 AM 2015)
* Project:        digital_compensator
* Solution:       sysgen_test
* Product family: zynq
* Target device:  xc7z010clg400-1


================================================================
== Performance Estimates
================================================================
+ Timing (ns): 
    * Summary: 
    +--------+-------+----------+------------+
    |  Clock | Target| Estimated| Uncertainty|
    +--------+-------+----------+------------+
    |ap_clk  |  10.00|      8.16|        1.25|
    +--------+-------+----------+------------+

+ Latency (clock cycles): 
    * Summary: 
    +-----+-----+-----+-----+---------+
    |  Latency  |  Interval | Pipeline|
    | min | max | min | max |   Type  |
    +-----+-----+-----+-----+---------+
    |   33|   51|   34|   52|   none  |
    +-----+-----+-----+-----+---------+

    + Detail: 
        * Instance: 
        N/A

        * Loop: 
        N/A



================================================================
== Utilization Estimates
================================================================
* Summary: 
+-----------------+---------+-------+-------+-------+
|       Name      | BRAM_18K| DSP48E|   FF  |  LUT  |
+-----------------+---------+-------+-------+-------+
|DSP              |        -|      -|      -|      -|
|Expression       |        -|      -|      0|    475|
|FIFO             |        -|      -|      -|      -|
|Instance         |        -|     19|   1480|   3010|
|Memory           |        -|      -|      -|      -|
|Multiplexer      |        -|      -|      -|    359|
|Register         |        -|      -|    446|      -|
+-----------------+---------+-------+-------+-------+
|Total            |        0|     19|   1926|   3844|
+-----------------+---------+-------+-------+-------+
|Available        |      120|     80|  35200|  17600|
+-----------------+---------+-------+-------+-------+
|Utilization (%)  |        0|     23|      5|     21|
+-----------------+---------+-------+-------+-------+

+ Detail: 
    * Instance: 
    +---------------------------------------------------------+------------------------------------------------------+---------+-------+-----+-----+
    |                         Instance                        |                        Module                        | BRAM_18K| DSP48E|  FF | LUT |
    +---------------------------------------------------------+------------------------------------------------------+---------+-------+-----+-----+
    |digital_compensator_dmul_64ns_64ns_64_6_max_dsp_U6       |digital_compensator_dmul_64ns_64ns_64_6_max_dsp       |        0|     11|  317|  578|
    |digital_compensator_faddfsub_32ns_32ns_32_5_full_dsp_U0  |digital_compensator_faddfsub_32ns_32ns_32_5_full_dsp  |        0|      2|  205|  390|
    |digital_compensator_fcmp_32ns_32ns_1_1_U4                |digital_compensator_fcmp_32ns_32ns_1_1                |        0|      0|   66|  239|
    |digital_compensator_fcmp_32ns_32ns_1_1_U5                |digital_compensator_fcmp_32ns_32ns_1_1                |        0|      0|   66|  239|
    |digital_compensator_fmul_32ns_32ns_32_4_max_dsp_U1       |digital_compensator_fmul_32ns_32ns_32_4_max_dsp       |        0|      3|  143|  321|
    |digital_compensator_fmul_32ns_32ns_32_4_max_dsp_U2       |digital_compensator_fmul_32ns_32ns_32_4_max_dsp       |        0|      3|  143|  321|
    |digital_compensator_fptrunc_64ns_32_1_U3                 |digital_compensator_fptrunc_64ns_32_1                 |        0|      0|  128|  277|
    |digital_compensator_sitodp_32ns_64_6_U7                  |digital_compensator_sitodp_32ns_64_6                  |        0|      0|  412|  645|
    +---------------------------------------------------------+------------------------------------------------------+---------+-------+-----+-----+
    |Total                                                    |                                                      |        0|     19| 1480| 3010|
    +---------------------------------------------------------+------------------------------------------------------+---------+-------+-----+-----+

    * DSP48: 
    N/A

    * Memory: 
    N/A

    * FIFO: 
    N/A

    * Expression: 
    +--------------------------+----------+-------+---+-----+------------+------------+
    |       Variable Name      | Operation| DSP48E| FF| LUT | Bitwidth P0| Bitwidth P1|
    +--------------------------+----------+-------+---+-----+------------+------------+
    |sh_assign_fu_492_p2       |     +    |      0|  0|    9|           8|           9|
    |tmp_4_i_i_fu_506_p2       |     -    |      0|  0|    8|           7|           8|
    |sel_tmp3_fu_318_p3        |  Select  |      0|  0|   31|           1|           1|
    |sh_assign_1_fu_516_p3     |  Select  |      0|  0|    9|           1|           9|
    |storemerge1_fu_342_p3     |  Select  |      0|  0|    2|           1|           2|
    |u                         |  Select  |      0|  0|   10|           1|          10|
    |x_1_fu_403_p3             |  Select  |      0|  0|   32|           1|          32|
    |x_2_fu_451_p3             |  Select  |      0|  0|   32|           1|          32|
    |x_integral_new_fu_330_p3  |  Select  |      0|  0|   32|           1|          32|
    |or_cond2_fu_251_p2        |    and   |      0|  0|    1|           1|           1|
    |or_cond_fu_233_p2         |    and   |      0|  0|    1|           1|           1|
    |sel_tmp2_fu_313_p2        |    and   |      0|  0|    1|           1|           1|
    |tmp_13_fu_228_p2          |    and   |      0|  0|    1|           1|           1|
    |tmp_15_fu_245_p2          |    and   |      0|  0|    1|           1|           1|
    |tmp_20_fu_296_p2          |    and   |      0|  0|    1|           1|           1|
    |tmp_22_fu_302_p2          |    and   |      0|  0|    1|           1|           1|
    |tmp_28_fu_397_p2          |    and   |      0|  0|    1|           1|           1|
    |tmp_33_fu_446_p2          |    and   |      0|  0|    1|           1|           1|
    |notlhs2_fu_278_p2         |   icmp   |      0|  0|    3|           8|           2|
    |notlhs4_fu_379_p2         |   icmp   |      0|  0|    3|           8|           2|
    |notlhs5_fu_428_p2         |   icmp   |      0|  0|    3|           8|           2|
    |notlhs_fu_210_p2          |   icmp   |      0|  0|    3|           8|           2|
    |notrhs2_fu_284_p2         |   icmp   |      0|  0|    8|          23|           1|
    |notrhs4_fu_385_p2         |   icmp   |      0|  0|    8|          23|           1|
    |notrhs5_fu_434_p2         |   icmp   |      0|  0|    8|          23|           1|
    |notrhs_fu_216_p2          |   icmp   |      0|  0|    8|          23|           1|
    |tmp_6_fu_239_p2           |   icmp   |      0|  0|    1|           2|           1|
    |tmp_7_i_i_fu_536_p2       |   lshr   |      0|  0|   63|          24|          24|
    |tmp_10_fu_222_p2          |    or    |      0|  0|    1|           1|           1|
    |tmp_18_fu_290_p2          |    or    |      0|  0|    1|           1|           1|
    |tmp_23_fu_325_p2          |    or    |      0|  0|    1|           1|           1|
    |tmp_26_fu_391_p2          |    or    |      0|  0|    1|           1|           1|
    |tmp_31_fu_440_p2          |    or    |      0|  0|    1|           1|           1|
    |tmp_9_i_i_fu_542_p2       |    shl   |      0|  0|  186|          62|          62|
    |sel_tmp_fu_308_p2         |    xor   |      0|  0|    2|           1|           2|
    +--------------------------+----------+-------+---+-----+------------+------------+
    |Total                     |          |      0|  0|  475|         249|         250|
    +--------------------------+----------+-------+---+-----+------------+------------+

    * Multiplexer: 
    +-------------------+----+-----------+-----+-----------+
    |        Name       | LUT| Input Size| Bits| Total Bits|
    +-------------------+----+-----------+-----+-----------+
    |ap_NS_fsm          |  96|         53|    1|         53|
    |grp_fu_124_opcode  |   2|          3|    2|          6|
    |grp_fu_124_p0      |  32|          4|   32|        128|
    |grp_fu_124_p1      |  32|          4|   32|        128|
    |grp_fu_140_opcode  |   5|          3|    5|         15|
    |grp_fu_140_p0      |  32|          3|   32|         96|
    |grp_fu_140_p1      |  32|          3|   32|         96|
    |grp_fu_151_p0      |  64|          3|   64|        192|
    |grp_fu_151_p1      |  64|          4|   64|        256|
    +-------------------+----+-----------+-----+-----------+
    |Total              | 359|         80|  264|        970|
    +-------------------+----+-----------+-----+-----------+

    * Register: 
    +------------------------+----+----+-----+-----------+
    |          Name          | FF | LUT| Bits| Const Bits|
    +------------------------+----+----+-----+-----------+
    |ap_CS_fsm               |  52|   0|   52|          0|
    |or_cond_reg_614         |   1|   0|    1|          0|
    |reg_161                 |  64|   0|   64|          0|
    |reg_167                 |  32|   0|   32|          0|
    |sat                     |   2|   0|    2|          0|
    |tmp_11_reg_599          |   1|   0|    1|          0|
    |tmp_12_reg_636          |  32|   0|   32|          0|
    |tmp_15_reg_623          |   1|   0|    1|          0|
    |tmp_20_reg_646          |   1|   0|    1|          0|
    |tmp_22_reg_654          |   1|   0|    1|          0|
    |tmp_28_reg_664          |   1|   0|    1|          0|
    |tmp_32_reg_675          |   1|   0|    1|          0|
    |tmp_6_reg_618           |   1|   0|    1|          0|
    |tmp_8_reg_631           |  32|   0|   32|          0|
    |tmp_s_reg_584           |  64|   0|   64|          0|
    |x_1_reg_669             |  32|   0|   32|          0|
    |x_assign_reg_113        |  32|   0|   32|          0|
    |x_integral              |  32|   0|   32|          0|
    |x_integral_new_reg_659  |  32|   0|   32|          0|
    |y_reg_589               |  32|   0|   32|          0|
    +------------------------+----+----+-----+-----------+
    |Total                   | 446|   0|  446|          0|
    +------------------------+----+----+-----+-----------+



================================================================
== Interface
================================================================
* Summary: 
+----------+-----+-----+------------+---------------------+--------------+
| RTL Ports| Dir | Bits|  Protocol  |    Source Object    |    C Type    |
+----------+-----+-----+------------+---------------------+--------------+
|ap_clk    |  in |    1| ap_ctrl_hs | digital_compensator | return value |
|ap_rst    |  in |    1| ap_ctrl_hs | digital_compensator | return value |
|ap_start  |  in |    1| ap_ctrl_hs | digital_compensator | return value |
|ap_done   | out |    1| ap_ctrl_hs | digital_compensator | return value |
|ap_idle   | out |    1| ap_ctrl_hs | digital_compensator | return value |
|ap_ready  | out |    1| ap_ctrl_hs | digital_compensator | return value |
|v_ref     |  in |   32|   ap_none  |        v_ref        |    scalar    |
|v_meas    |  in |   12|   ap_none  |        v_meas       |    scalar    |
|Kp        |  in |   32|   ap_none  |          Kp         |    scalar    |
|Ki2       |  in |   32|   ap_none  |         Ki2         |    scalar    |
|u         | out |   10|   ap_none  |          u          |    pointer   |
+----------+-----+-----+------------+---------------------+--------------+

